Archive member included because of file (symbol)

/usr/lib/gcc/avr/4.3.5/avr5/libgcc.a(_udivmodhi4.o)
                              main.o (__udivmodhi4)
/usr/lib/gcc/avr/4.3.5/avr5/libgcc.a(_divmodhi4.o)
                              /tmp/ccB7lglF.o (__divmodhi4)
/usr/lib/gcc/avr/4.3.5/avr5/libgcc.a(_exit.o)
                              /usr/lib/gcc/avr/4.3.5/../../../avr/lib/avr5/crtm328p.o (exit)
/usr/lib/gcc/avr/4.3.5/avr5/libgcc.a(_copy_data.o)
                              main.o (__do_copy_data)
/usr/lib/gcc/avr/4.3.5/avr5/libgcc.a(_clear_bss.o)
                              main.o (__do_clear_bss)

Allocating common symbols
Common symbol       size              file

key_pressed         0x1               main.o
optoloader          0x7               main.o

Discarded input sections

 .data          0x0000000000000000        0x0 /usr/lib/gcc/avr/4.3.5/../../../avr/lib/avr5/crtm328p.o
 .bss           0x0000000000000000        0x0 /usr/lib/gcc/avr/4.3.5/../../../avr/lib/avr5/crtm328p.o
 .stab          0x0000000000000000      0x6b4 /usr/lib/gcc/avr/4.3.5/../../../avr/lib/avr5/crtm328p.o
 .stabstr       0x0000000000000000       0x64 /usr/lib/gcc/avr/4.3.5/../../../avr/lib/avr5/crtm328p.o
 .text          0x0000000000000000        0x0 main.o
 .data          0x0000000000000000        0x0 main.o
 .bss           0x0000000000000000        0x0 main.o
 .stab          0x0000000000000000     0x11a0 main.o
 .stabstr       0x0000000000000000      0xc68 main.o
 .text.shiftOnes
                0x0000000000000000       0x26 main.o
 .bss.debounce  0x0000000000000000        0x1 main.o
 .text          0x0000000000000000        0x0 /tmp/ccqn4vGb.o
 .data          0x0000000000000000        0x0 /tmp/ccqn4vGb.o
 .bss           0x0000000000000000        0x0 /tmp/ccqn4vGb.o
 .stab          0x0000000000000000      0x51c /tmp/ccqn4vGb.o
 .stabstr       0x0000000000000000      0x7d0 /tmp/ccqn4vGb.o
 .text.disableSPI
                0x0000000000000000        0x8 /tmp/ccqn4vGb.o
 .text.received_from_spi
                0x0000000000000000        0x6 /tmp/ccqn4vGb.o
 .text          0x0000000000000000        0x0 /tmp/cc9WmbhG.o
 .data          0x0000000000000000        0x0 /tmp/cc9WmbhG.o
 .bss           0x0000000000000000        0x0 /tmp/cc9WmbhG.o
 .stab          0x0000000000000000      0x378 /tmp/cc9WmbhG.o
 .stabstr       0x0000000000000000      0x771 /tmp/cc9WmbhG.o
 .text          0x0000000000000000        0x0 /tmp/cckb77Ua.o
 .data          0x0000000000000000        0x0 /tmp/cckb77Ua.o
 .bss           0x0000000000000000        0x0 /tmp/cckb77Ua.o
 .stab          0x0000000000000000      0x324 /tmp/cckb77Ua.o
 .stabstr       0x0000000000000000      0x7ad /tmp/cckb77Ua.o
 .rodata.channelA
                0x0000000000000000      0x200 /tmp/cckb77Ua.o
 .rodata.channelB
                0x0000000000000000      0x200 /tmp/cckb77Ua.o
 .rodata.channelD
                0x0000000000000000      0x200 /tmp/cckb77Ua.o
 .text          0x0000000000000000        0x0 /tmp/cczhK9DF.o
 .data          0x0000000000000000        0x0 /tmp/cczhK9DF.o
 .bss           0x0000000000000000        0x0 /tmp/cczhK9DF.o
 .stab          0x0000000000000000      0x504 /tmp/cczhK9DF.o
 .stabstr       0x0000000000000000      0x7a2 /tmp/cczhK9DF.o
 .text.readButton
                0x0000000000000000       0x84 /tmp/cczhK9DF.o
 .text          0x0000000000000000        0x0 /tmp/cceT6Osa.o
 .data          0x0000000000000000        0x0 /tmp/cceT6Osa.o
 .bss           0x0000000000000000        0x0 /tmp/cceT6Osa.o
 .stab          0x0000000000000000      0x63c /tmp/cceT6Osa.o
 .stabstr       0x0000000000000000      0x7d9 /tmp/cceT6Osa.o
 .text.clearDisplay
                0x0000000000000000       0x12 /tmp/cceT6Osa.o
 .text          0x0000000000000000        0x0 /tmp/ccB7lglF.o
 .data          0x0000000000000000        0x0 /tmp/ccB7lglF.o
 .bss           0x0000000000000000        0x0 /tmp/ccB7lglF.o
 .stab          0x0000000000000000      0x63c /tmp/ccB7lglF.o
 .stabstr       0x0000000000000000      0x8b3 /tmp/ccB7lglF.o
 .text          0x0000000000000000        0x0 /usr/lib/gcc/avr/4.3.5/avr5/libgcc.a(_udivmodhi4.o)
 .data          0x0000000000000000        0x0 /usr/lib/gcc/avr/4.3.5/avr5/libgcc.a(_udivmodhi4.o)
 .bss           0x0000000000000000        0x0 /usr/lib/gcc/avr/4.3.5/avr5/libgcc.a(_udivmodhi4.o)
 .text          0x0000000000000000        0x0 /usr/lib/gcc/avr/4.3.5/avr5/libgcc.a(_divmodhi4.o)
 .data          0x0000000000000000        0x0 /usr/lib/gcc/avr/4.3.5/avr5/libgcc.a(_divmodhi4.o)
 .bss           0x0000000000000000        0x0 /usr/lib/gcc/avr/4.3.5/avr5/libgcc.a(_divmodhi4.o)
 .text          0x0000000000000000        0x0 /usr/lib/gcc/avr/4.3.5/avr5/libgcc.a(_exit.o)
 .data          0x0000000000000000        0x0 /usr/lib/gcc/avr/4.3.5/avr5/libgcc.a(_exit.o)
 .bss           0x0000000000000000        0x0 /usr/lib/gcc/avr/4.3.5/avr5/libgcc.a(_exit.o)
 .text.libgcc   0x0000000000000000        0x0 /usr/lib/gcc/avr/4.3.5/avr5/libgcc.a(_exit.o)
 .text          0x0000000000000000        0x0 /usr/lib/gcc/avr/4.3.5/avr5/libgcc.a(_copy_data.o)
 .data          0x0000000000000000        0x0 /usr/lib/gcc/avr/4.3.5/avr5/libgcc.a(_copy_data.o)
 .bss           0x0000000000000000        0x0 /usr/lib/gcc/avr/4.3.5/avr5/libgcc.a(_copy_data.o)
 .text.libgcc   0x0000000000000000        0x0 /usr/lib/gcc/avr/4.3.5/avr5/libgcc.a(_copy_data.o)
 .text          0x0000000000000000        0x0 /usr/lib/gcc/avr/4.3.5/avr5/libgcc.a(_clear_bss.o)
 .data          0x0000000000000000        0x0 /usr/lib/gcc/avr/4.3.5/avr5/libgcc.a(_clear_bss.o)
 .bss           0x0000000000000000        0x0 /usr/lib/gcc/avr/4.3.5/avr5/libgcc.a(_clear_bss.o)
 .text.libgcc   0x0000000000000000        0x0 /usr/lib/gcc/avr/4.3.5/avr5/libgcc.a(_clear_bss.o)

Memory Configuration

Name             Origin             Length             Attributes
text             0x0000000000000000 0x0000000000020000 xr
data             0x0000000000800060 0x000000000000ffa0 rw !x
eeprom           0x0000000000810000 0x0000000000010000 rw !x
fuse             0x0000000000820000 0x0000000000000400 rw !x
lock             0x0000000000830000 0x0000000000000400 rw !x
signature        0x0000000000840000 0x0000000000000400 rw !x
*default*        0x0000000000000000 0xffffffffffffffff

Linker script and memory map

Address of section .data set to 0x800100
LOAD /usr/lib/gcc/avr/4.3.5/../../../avr/lib/avr5/crtm328p.o
LOAD main.o
LOAD /tmp/ccqn4vGb.o
LOAD /tmp/cc9WmbhG.o
LOAD /tmp/cckb77Ua.o
LOAD /tmp/cczhK9DF.o
LOAD /tmp/cceT6Osa.o
LOAD /tmp/ccB7lglF.o
LOAD /usr/lib/gcc/avr/4.3.5/avr5/libgcc.a
LOAD /usr/lib/gcc/avr/4.3.5/../../../avr/lib/avr5/libc.a
LOAD /usr/lib/gcc/avr/4.3.5/avr5/libgcc.a

.hash
 *(.hash)

.dynsym
 *(.dynsym)

.dynstr
 *(.dynstr)

.gnu.version
 *(.gnu.version)

.gnu.version_d
 *(.gnu.version_d)

.gnu.version_r
 *(.gnu.version_r)

.rel.init
 *(.rel.init)

.rela.init
 *(.rela.init)

.rel.text
 *(.rel.text)
 *(.rel.text.*)
 *(.rel.gnu.linkonce.t*)

.rela.text
 *(.rela.text)
 *(.rela.text.*)
 *(.rela.gnu.linkonce.t*)

.rel.fini
 *(.rel.fini)

.rela.fini
 *(.rela.fini)

.rel.rodata
 *(.rel.rodata)
 *(.rel.rodata.*)
 *(.rel.gnu.linkonce.r*)

.rela.rodata
 *(.rela.rodata)
 *(.rela.rodata.*)
 *(.rela.gnu.linkonce.r*)

.rel.data
 *(.rel.data)
 *(.rel.data.*)
 *(.rel.gnu.linkonce.d*)

.rela.data
 *(.rela.data)
 *(.rela.data.*)
 *(.rela.gnu.linkonce.d*)

.rel.ctors
 *(.rel.ctors)

.rela.ctors
 *(.rela.ctors)

.rel.dtors
 *(.rel.dtors)

.rela.dtors
 *(.rela.dtors)

.rel.got
 *(.rel.got)

.rela.got
 *(.rela.got)

.rel.bss
 *(.rel.bss)

.rela.bss
 *(.rela.bss)

.rel.plt
 *(.rel.plt)

.rela.plt
 *(.rela.plt)

.text           0x0000000000000000      0xede
 *(.vectors)
 .vectors       0x0000000000000000       0x68 /usr/lib/gcc/avr/4.3.5/../../../avr/lib/avr5/crtm328p.o
                0x0000000000000000                __vectors
                0x0000000000000000                __vector_default
 *(.vectors)
 *(.progmem.gcc*)
 *(.progmem*)
                0x0000000000000068                . = ALIGN (0x2)
                0x0000000000000068                __trampolines_start = .
 *(.trampolines)
 .trampolines   0x0000000000000068        0x0 linker stubs
 *(.trampolines*)
                0x0000000000000068                __trampolines_end = .
 *(.jumptables)
 *(.jumptables*)
 *(.lowtext)
 *(.lowtext*)
                0x0000000000000068                __ctors_start = .
 *(.ctors)
                0x0000000000000068                __ctors_end = .
                0x0000000000000068                __dtors_start = .
 *(.dtors)
                0x0000000000000068                __dtors_end = .
 SORT(*)(.ctors)
 SORT(*)(.dtors)
 *(.init0)
 .init0         0x0000000000000068        0x0 /usr/lib/gcc/avr/4.3.5/../../../avr/lib/avr5/crtm328p.o
                0x0000000000000068                __init
 *(.init0)
 *(.init1)
 *(.init1)
 *(.init2)
 .init2         0x0000000000000068        0xc /usr/lib/gcc/avr/4.3.5/../../../avr/lib/avr5/crtm328p.o
 *(.init2)
 *(.init3)
 *(.init3)
 *(.init4)
 .init4         0x0000000000000074       0x16 /usr/lib/gcc/avr/4.3.5/avr5/libgcc.a(_copy_data.o)
                0x0000000000000074                __do_copy_data
 .init4         0x000000000000008a       0x10 /usr/lib/gcc/avr/4.3.5/avr5/libgcc.a(_clear_bss.o)
                0x000000000000008a                __do_clear_bss
 *(.init4)
 *(.init5)
 *(.init5)
 *(.init6)
 *(.init6)
 *(.init7)
 *(.init7)
 *(.init8)
 *(.init8)
 *(.init9)
 .init9         0x000000000000009a        0x8 /usr/lib/gcc/avr/4.3.5/../../../avr/lib/avr5/crtm328p.o
 *(.init9)
 *(.text)
 .text          0x00000000000000a2        0x4 /usr/lib/gcc/avr/4.3.5/../../../avr/lib/avr5/crtm328p.o
                0x00000000000000a2                __vector_22
                0x00000000000000a2                __vector_1
                0x00000000000000a2                __vector_24
                0x00000000000000a2                __vector_12
                0x00000000000000a2                __bad_interrupt
                0x00000000000000a2                __vector_6
                0x00000000000000a2                __vector_3
                0x00000000000000a2                __vector_25
                0x00000000000000a2                __vector_13
                0x00000000000000a2                __vector_17
                0x00000000000000a2                __vector_19
                0x00000000000000a2                __vector_5
                0x00000000000000a2                __vector_4
                0x00000000000000a2                __vector_9
                0x00000000000000a2                __vector_2
                0x00000000000000a2                __vector_21
                0x00000000000000a2                __vector_15
                0x00000000000000a2                __vector_8
                0x00000000000000a2                __vector_14
                0x00000000000000a2                __vector_10
                0x00000000000000a2                __vector_16
                0x00000000000000a2                __vector_18
                0x00000000000000a2                __vector_20
                0x00000000000000a6                . = ALIGN (0x2)
 *(.text.*)
 .text.setupControlTimer
                0x00000000000000a6       0x46 main.o
                0x00000000000000a6                setupControlTimer
 .text.setupSampleRate
                0x00000000000000ec       0x3a main.o
                0x00000000000000ec                setupSampleRate
 .text.__vector_11
                0x0000000000000126      0x39e main.o
                0x0000000000000126                __vector_11
 .text.__vector_23
                0x00000000000004c4       0x7c main.o
                0x00000000000004c4                __vector_23
 .text.__vector_7
                0x0000000000000540      0x1b0 main.o
                0x0000000000000540                __vector_7
 .text.main     0x00000000000006f0      0x48e main.o
                0x00000000000006f0                main
 .text.setupSPI
                0x0000000000000b7e       0x7a /tmp/ccqn4vGb.o
                0x0000000000000b7e                setupSPI
 .text.sendSPI  0x0000000000000bf8        0xc /tmp/ccqn4vGb.o
                0x0000000000000bf8                sendSPI
 .text.writeMCP492x
                0x0000000000000c04       0x1e /tmp/cc9WmbhG.o
                0x0000000000000c04                writeMCP492x
 .text.setupButtons
                0x0000000000000c22       0x26 /tmp/cczhK9DF.o
                0x0000000000000c22                setupButtons
 .text.readKeyboard
                0x0000000000000c48       0x12 /tmp/cczhK9DF.o
                0x0000000000000c48                readKeyboard
 .text.readSettings
                0x0000000000000c5a       0x14 /tmp/cczhK9DF.o
                0x0000000000000c5a                readSettings
 .text.setupDisplay
                0x0000000000000c6e       0x10 /tmp/cceT6Osa.o
                0x0000000000000c6e                setupDisplay
 .text.setDisplay
                0x0000000000000c7e        0x6 /tmp/cceT6Osa.o
                0x0000000000000c7e                setDisplay
 .text.updateDisplay
                0x0000000000000c84       0x86 /tmp/cceT6Osa.o
                0x0000000000000c84                updateDisplay
 .text.disableOptoloader
                0x0000000000000d0a        0xc /tmp/ccB7lglF.o
                0x0000000000000d0a                disableOptoloader
 .text.setupOptoloader
                0x0000000000000d16       0x56 /tmp/ccB7lglF.o
                0x0000000000000d16                setupOptoloader
 .text.enableOptoloader
                0x0000000000000d6c       0x1c /tmp/ccB7lglF.o
                0x0000000000000d6c                enableOptoloader
 .text.runOptoloader
                0x0000000000000d88      0x104 /tmp/ccB7lglF.o
                0x0000000000000d88                runOptoloader
 .text.libgcc   0x0000000000000e8c       0x28 /usr/lib/gcc/avr/4.3.5/avr5/libgcc.a(_udivmodhi4.o)
                0x0000000000000e8c                __udivmodhi4
 .text.libgcc   0x0000000000000eb4       0x26 /usr/lib/gcc/avr/4.3.5/avr5/libgcc.a(_divmodhi4.o)
                0x0000000000000eb4                __divmodhi4
                0x0000000000000eb4                _div
                0x0000000000000eda                . = ALIGN (0x2)
 *(.fini9)
 .fini9         0x0000000000000eda        0x0 /usr/lib/gcc/avr/4.3.5/avr5/libgcc.a(_exit.o)
                0x0000000000000eda                exit
                0x0000000000000eda                _exit
 *(.fini9)
 *(.fini8)
 *(.fini8)
 *(.fini7)
 *(.fini7)
 *(.fini6)
 *(.fini6)
 *(.fini5)
 *(.fini5)
 *(.fini4)
 *(.fini4)
 *(.fini3)
 *(.fini3)
 *(.fini2)
 *(.fini2)
 *(.fini1)
 *(.fini1)
 *(.fini0)
 .fini0         0x0000000000000eda        0x4 /usr/lib/gcc/avr/4.3.5/avr5/libgcc.a(_exit.o)
 *(.fini0)
                0x0000000000000ede                _etext = .

.data           0x0000000000800100      0x24a load address 0x0000000000000ede
                0x0000000000800100                PROVIDE (__data_start, .)
 *(.data)
 *(.data*)
 .data.mode     0x0000000000800100        0x1 main.o
                0x0000000000800100                mode
 .data.sequencer
                0x0000000000800101        0x8 main.o
                0x0000000000800101                sequencer
 .data.scales   0x0000000000800109       0x40 main.o
                0x0000000000800109                scales
 *(.rodata)
 *(.rodata*)
 .rodata.channelC
                0x0000000000800149      0x200 /tmp/cckb77Ua.o
                0x0000000000800149                channelC
 *(.gnu.linkonce.d*)
                0x000000000080034a                . = ALIGN (0x2)
 *fill*         0x0000000000800349        0x1 00
                0x000000000080034a                _edata = .
                0x000000000080034a                PROVIDE (__data_end, .)

.bss            0x000000000080034a       0x37
                0x000000000080034a                PROVIDE (__bss_start, .)
 *(.bss)
 *(.bss*)
 .bss.opto_enable_ctr
                0x000000000080034a        0x1 main.o
                0x000000000080034a                opto_enable_ctr
 .bss.keyboard_ctr
                0x000000000080034b        0x1 main.o
                0x000000000080034b                keyboard_ctr
 .bss.sequencer_ctr
                0x000000000080034c        0x1 main.o
                0x000000000080034c                sequencer_ctr
 .bss.sequencer_display_i
                0x000000000080034d        0x1 main.o
                0x000000000080034d                sequencer_display_i
 .bss.sequencer_metronome
                0x000000000080034e        0x1 main.o
                0x000000000080034e                sequencer_metronome
 .bss.sequencer_metronome_ctr
                0x000000000080034f        0x1 main.o
                0x000000000080034f                sequencer_metronome_ctr
 .bss.sequencer_flag
                0x0000000000800350        0x1 main.o
                0x0000000000800350                sequencer_flag
 .bss.led_refresh_flag
                0x0000000000800351        0x1 main.o
                0x0000000000800351                led_refresh_flag
 .bss.led_display
                0x0000000000800352        0x1 main.o
                0x0000000000800352                led_display
 .bss.read_keyboard_flag
                0x0000000000800353        0x1 main.o
                0x0000000000800353                read_keyboard_flag
 .bss.settings_debounce
                0x0000000000800354        0x1 main.o
                0x0000000000800354                settings_debounce
 .bss.scale_i   0x0000000000800355        0x1 main.o
                0x0000000000800355                scale_i
 .bss.poly_buffer
                0x0000000000800356       0x10 main.o
                0x0000000000800356                poly_buffer
 .bss.poly_i    0x0000000000800366        0x1 main.o
                0x0000000000800366                poly_i
 .bss.final.1411
                0x0000000000800367        0x2 main.o
 .bss.inc.1410  0x0000000000800369       0x10 main.o
 *(COMMON)
 COMMON         0x0000000000800379        0x8 main.o
                0x0000000000800379                key_pressed
                0x000000000080037a                optoloader
                0x0000000000800381                PROVIDE (__bss_end, .)
                0x0000000000000ede                __data_load_start = LOADADDR (.data)
                0x0000000000001128                __data_load_end = (__data_load_start + SIZEOF (.data))

.noinit         0x0000000000800381        0x0
                0x0000000000800381                PROVIDE (__noinit_start, .)
 *(.noinit*)
                0x0000000000800381                PROVIDE (__noinit_end, .)
                0x0000000000800381                _end = .
                0x0000000000800381                PROVIDE (__heap_start, .)

.eeprom         0x0000000000810000        0x0
 *(.eeprom*)
                0x0000000000810000                __eeprom_end = .

.fuse
 *(.fuse)
 *(.lfuse)
 *(.hfuse)
 *(.efuse)

.lock
 *(.lock*)

.signature
 *(.signature*)

.stab
 *(.stab)

.stabstr
 *(.stabstr)

.stab.excl
 *(.stab.excl)

.stab.exclstr
 *(.stab.exclstr)

.stab.index
 *(.stab.index)

.stab.indexstr
 *(.stab.indexstr)

.comment
 *(.comment)

.debug
 *(.debug)

.line
 *(.line)

.debug_srcinfo
 *(.debug_srcinfo)

.debug_sfnames
 *(.debug_sfnames)

.debug_aranges
 *(.debug_aranges)

.debug_pubnames
 *(.debug_pubnames)

.debug_info
 *(.debug_info)
 *(.gnu.linkonce.wi.*)

.debug_abbrev
 *(.debug_abbrev)

.debug_line
 *(.debug_line)

.debug_frame
 *(.debug_frame)

.debug_str
 *(.debug_str)

.debug_loc
 *(.debug_loc)

.debug_macinfo
 *(.debug_macinfo)
OUTPUT(main.elf elf32-avr)
LOAD linker stubs
