Archive member included because of file (symbol)

/usr/local/CrossPack-AVR-20100115/lib/gcc/avr/4.3.3/avr5/libgcc.a(_udivmodhi4.o)
                              main.o (__udivmodhi4)
/usr/local/CrossPack-AVR-20100115/lib/gcc/avr/4.3.3/avr5/libgcc.a(_exit.o)
                              /usr/local/CrossPack-AVR-20100115/lib/gcc/avr/4.3.3/../../../../avr/lib/avr5/crtm328p.o (exit)
/usr/local/CrossPack-AVR-20100115/lib/gcc/avr/4.3.3/avr5/libgcc.a(_copy_data.o)
                              main.o (__do_copy_data)
/usr/local/CrossPack-AVR-20100115/lib/gcc/avr/4.3.3/avr5/libgcc.a(_clear_bss.o)
                              main.o (__do_clear_bss)

Allocating common symbols
Common symbol       size              file

key_pressed         0x1               main.o

Discarded input sections

 .data          0x00000000        0x0 /usr/local/CrossPack-AVR-20100115/lib/gcc/avr/4.3.3/../../../../avr/lib/avr5/crtm328p.o
 .bss           0x00000000        0x0 /usr/local/CrossPack-AVR-20100115/lib/gcc/avr/4.3.3/../../../../avr/lib/avr5/crtm328p.o
 .stab          0x00000000        0x0 /usr/local/CrossPack-AVR-20100115/lib/gcc/avr/4.3.3/../../../../avr/lib/avr5/crtm328p.o
 .stabstr       0x00000000        0x0 /usr/local/CrossPack-AVR-20100115/lib/gcc/avr/4.3.3/../../../../avr/lib/avr5/crtm328p.o
 .text          0x00000000        0x0 main.o
 .data          0x00000000        0x0 main.o
 .bss           0x00000000        0x0 main.o
 .debug_abbrev  0x00000000        0x0 main.o
 .debug_info    0x00000000        0x0 main.o
 .debug_line    0x00000000        0x0 main.o
 .text.setupDisplay
                0x00000000        0x0 main.o
 .text.updateDisplay
                0x00000000        0x0 main.o
 .bss.debounce  0x00000000        0x0 main.o
 .debug_frame   0x00000000        0x0 main.o
 .debug_loc     0x00000000        0x0 main.o
 .debug_pubnames
                0x00000000        0x0 main.o
 .debug_aranges
                0x00000000        0x0 main.o
 .debug_ranges  0x00000000        0x0 main.o
 .debug_str     0x00000000        0x0 main.o
 COMMON         0x00000000        0x0 main.o
 .text          0x00000000        0x0 /var/folders/hX/hXBB4wZrEYO-ZmkKU5fWSk+++TI/-Tmp-//ccHebiwO.o
 .data          0x00000000        0x0 /var/folders/hX/hXBB4wZrEYO-ZmkKU5fWSk+++TI/-Tmp-//ccHebiwO.o
 .bss           0x00000000        0x0 /var/folders/hX/hXBB4wZrEYO-ZmkKU5fWSk+++TI/-Tmp-//ccHebiwO.o
 .debug_abbrev  0x00000000        0x0 /var/folders/hX/hXBB4wZrEYO-ZmkKU5fWSk+++TI/-Tmp-//ccHebiwO.o
 .debug_info    0x00000000        0x0 /var/folders/hX/hXBB4wZrEYO-ZmkKU5fWSk+++TI/-Tmp-//ccHebiwO.o
 .debug_line    0x00000000        0x0 /var/folders/hX/hXBB4wZrEYO-ZmkKU5fWSk+++TI/-Tmp-//ccHebiwO.o
 .text.disableSPI
                0x00000000        0x0 /var/folders/hX/hXBB4wZrEYO-ZmkKU5fWSk+++TI/-Tmp-//ccHebiwO.o
 .text.received_from_spi
                0x00000000        0x0 /var/folders/hX/hXBB4wZrEYO-ZmkKU5fWSk+++TI/-Tmp-//ccHebiwO.o
 .debug_frame   0x00000000        0x0 /var/folders/hX/hXBB4wZrEYO-ZmkKU5fWSk+++TI/-Tmp-//ccHebiwO.o
 .debug_loc     0x00000000        0x0 /var/folders/hX/hXBB4wZrEYO-ZmkKU5fWSk+++TI/-Tmp-//ccHebiwO.o
 .debug_pubnames
                0x00000000        0x0 /var/folders/hX/hXBB4wZrEYO-ZmkKU5fWSk+++TI/-Tmp-//ccHebiwO.o
 .debug_aranges
                0x00000000        0x0 /var/folders/hX/hXBB4wZrEYO-ZmkKU5fWSk+++TI/-Tmp-//ccHebiwO.o
 .debug_ranges  0x00000000        0x0 /var/folders/hX/hXBB4wZrEYO-ZmkKU5fWSk+++TI/-Tmp-//ccHebiwO.o
 .debug_str     0x00000000        0x0 /var/folders/hX/hXBB4wZrEYO-ZmkKU5fWSk+++TI/-Tmp-//ccHebiwO.o
 .text          0x00000000        0x0 /var/folders/hX/hXBB4wZrEYO-ZmkKU5fWSk+++TI/-Tmp-//ccBWwGgC.o
 .data          0x00000000        0x0 /var/folders/hX/hXBB4wZrEYO-ZmkKU5fWSk+++TI/-Tmp-//ccBWwGgC.o
 .bss           0x00000000        0x0 /var/folders/hX/hXBB4wZrEYO-ZmkKU5fWSk+++TI/-Tmp-//ccBWwGgC.o
 .debug_abbrev  0x00000000        0x0 /var/folders/hX/hXBB4wZrEYO-ZmkKU5fWSk+++TI/-Tmp-//ccBWwGgC.o
 .debug_info    0x00000000        0x0 /var/folders/hX/hXBB4wZrEYO-ZmkKU5fWSk+++TI/-Tmp-//ccBWwGgC.o
 .debug_line    0x00000000        0x0 /var/folders/hX/hXBB4wZrEYO-ZmkKU5fWSk+++TI/-Tmp-//ccBWwGgC.o
 .debug_frame   0x00000000        0x0 /var/folders/hX/hXBB4wZrEYO-ZmkKU5fWSk+++TI/-Tmp-//ccBWwGgC.o
 .debug_loc     0x00000000        0x0 /var/folders/hX/hXBB4wZrEYO-ZmkKU5fWSk+++TI/-Tmp-//ccBWwGgC.o
 .debug_pubnames
                0x00000000        0x0 /var/folders/hX/hXBB4wZrEYO-ZmkKU5fWSk+++TI/-Tmp-//ccBWwGgC.o
 .debug_aranges
                0x00000000        0x0 /var/folders/hX/hXBB4wZrEYO-ZmkKU5fWSk+++TI/-Tmp-//ccBWwGgC.o
 .debug_ranges  0x00000000        0x0 /var/folders/hX/hXBB4wZrEYO-ZmkKU5fWSk+++TI/-Tmp-//ccBWwGgC.o
 .debug_str     0x00000000        0x0 /var/folders/hX/hXBB4wZrEYO-ZmkKU5fWSk+++TI/-Tmp-//ccBWwGgC.o
 .text          0x00000000        0x0 /var/folders/hX/hXBB4wZrEYO-ZmkKU5fWSk+++TI/-Tmp-//ccZstEqd.o
 .data          0x00000000        0x0 /var/folders/hX/hXBB4wZrEYO-ZmkKU5fWSk+++TI/-Tmp-//ccZstEqd.o
 .bss           0x00000000        0x0 /var/folders/hX/hXBB4wZrEYO-ZmkKU5fWSk+++TI/-Tmp-//ccZstEqd.o
 .debug_abbrev  0x00000000        0x0 /var/folders/hX/hXBB4wZrEYO-ZmkKU5fWSk+++TI/-Tmp-//ccZstEqd.o
 .debug_info    0x00000000        0x0 /var/folders/hX/hXBB4wZrEYO-ZmkKU5fWSk+++TI/-Tmp-//ccZstEqd.o
 .debug_line    0x00000000        0x0 /var/folders/hX/hXBB4wZrEYO-ZmkKU5fWSk+++TI/-Tmp-//ccZstEqd.o
 .rodata.channelB
                0x00000000        0x0 /var/folders/hX/hXBB4wZrEYO-ZmkKU5fWSk+++TI/-Tmp-//ccZstEqd.o
 .rodata.channelC
                0x00000000        0x0 /var/folders/hX/hXBB4wZrEYO-ZmkKU5fWSk+++TI/-Tmp-//ccZstEqd.o
 .rodata.channelD
                0x00000000        0x0 /var/folders/hX/hXBB4wZrEYO-ZmkKU5fWSk+++TI/-Tmp-//ccZstEqd.o
 .debug_pubnames
                0x00000000        0x0 /var/folders/hX/hXBB4wZrEYO-ZmkKU5fWSk+++TI/-Tmp-//ccZstEqd.o
 .debug_str     0x00000000        0x0 /var/folders/hX/hXBB4wZrEYO-ZmkKU5fWSk+++TI/-Tmp-//ccZstEqd.o
 .text          0x00000000        0x0 /var/folders/hX/hXBB4wZrEYO-ZmkKU5fWSk+++TI/-Tmp-//ccXVZbyU.o
 .data          0x00000000        0x0 /var/folders/hX/hXBB4wZrEYO-ZmkKU5fWSk+++TI/-Tmp-//ccXVZbyU.o
 .bss           0x00000000        0x0 /var/folders/hX/hXBB4wZrEYO-ZmkKU5fWSk+++TI/-Tmp-//ccXVZbyU.o
 .debug_abbrev  0x00000000        0x0 /var/folders/hX/hXBB4wZrEYO-ZmkKU5fWSk+++TI/-Tmp-//ccXVZbyU.o
 .debug_info    0x00000000        0x0 /var/folders/hX/hXBB4wZrEYO-ZmkKU5fWSk+++TI/-Tmp-//ccXVZbyU.o
 .debug_line    0x00000000        0x0 /var/folders/hX/hXBB4wZrEYO-ZmkKU5fWSk+++TI/-Tmp-//ccXVZbyU.o
 .text.readButton
                0x00000000        0x0 /var/folders/hX/hXBB4wZrEYO-ZmkKU5fWSk+++TI/-Tmp-//ccXVZbyU.o
 .debug_frame   0x00000000        0x0 /var/folders/hX/hXBB4wZrEYO-ZmkKU5fWSk+++TI/-Tmp-//ccXVZbyU.o
 .debug_loc     0x00000000        0x0 /var/folders/hX/hXBB4wZrEYO-ZmkKU5fWSk+++TI/-Tmp-//ccXVZbyU.o
 .debug_pubnames
                0x00000000        0x0 /var/folders/hX/hXBB4wZrEYO-ZmkKU5fWSk+++TI/-Tmp-//ccXVZbyU.o
 .debug_aranges
                0x00000000        0x0 /var/folders/hX/hXBB4wZrEYO-ZmkKU5fWSk+++TI/-Tmp-//ccXVZbyU.o
 .debug_ranges  0x00000000        0x0 /var/folders/hX/hXBB4wZrEYO-ZmkKU5fWSk+++TI/-Tmp-//ccXVZbyU.o
 .debug_str     0x00000000        0x0 /var/folders/hX/hXBB4wZrEYO-ZmkKU5fWSk+++TI/-Tmp-//ccXVZbyU.o
 .text          0x00000000        0x0 /usr/local/CrossPack-AVR-20100115/lib/gcc/avr/4.3.3/avr5/libgcc.a(_udivmodhi4.o)
 .data          0x00000000        0x0 /usr/local/CrossPack-AVR-20100115/lib/gcc/avr/4.3.3/avr5/libgcc.a(_udivmodhi4.o)
 .bss           0x00000000        0x0 /usr/local/CrossPack-AVR-20100115/lib/gcc/avr/4.3.3/avr5/libgcc.a(_udivmodhi4.o)
 .text          0x00000000        0x0 /usr/local/CrossPack-AVR-20100115/lib/gcc/avr/4.3.3/avr5/libgcc.a(_exit.o)
 .data          0x00000000        0x0 /usr/local/CrossPack-AVR-20100115/lib/gcc/avr/4.3.3/avr5/libgcc.a(_exit.o)
 .bss           0x00000000        0x0 /usr/local/CrossPack-AVR-20100115/lib/gcc/avr/4.3.3/avr5/libgcc.a(_exit.o)
 .text.libgcc   0x00000000        0x0 /usr/local/CrossPack-AVR-20100115/lib/gcc/avr/4.3.3/avr5/libgcc.a(_exit.o)
 .text          0x00000000        0x0 /usr/local/CrossPack-AVR-20100115/lib/gcc/avr/4.3.3/avr5/libgcc.a(_copy_data.o)
 .data          0x00000000        0x0 /usr/local/CrossPack-AVR-20100115/lib/gcc/avr/4.3.3/avr5/libgcc.a(_copy_data.o)
 .bss           0x00000000        0x0 /usr/local/CrossPack-AVR-20100115/lib/gcc/avr/4.3.3/avr5/libgcc.a(_copy_data.o)
 .text.libgcc   0x00000000        0x0 /usr/local/CrossPack-AVR-20100115/lib/gcc/avr/4.3.3/avr5/libgcc.a(_copy_data.o)
 .text          0x00000000        0x0 /usr/local/CrossPack-AVR-20100115/lib/gcc/avr/4.3.3/avr5/libgcc.a(_clear_bss.o)
 .data          0x00000000        0x0 /usr/local/CrossPack-AVR-20100115/lib/gcc/avr/4.3.3/avr5/libgcc.a(_clear_bss.o)
 .bss           0x00000000        0x0 /usr/local/CrossPack-AVR-20100115/lib/gcc/avr/4.3.3/avr5/libgcc.a(_clear_bss.o)
 .text.libgcc   0x00000000        0x0 /usr/local/CrossPack-AVR-20100115/lib/gcc/avr/4.3.3/avr5/libgcc.a(_clear_bss.o)

Memory Configuration

Name             Origin             Length             Attributes
text             0x00000000         0x00020000         xr
data             0x00800060         0x0000ffa0         rw !x
eeprom           0x00810000         0x00010000         rw !x
fuse             0x00820000         0x00000400         rw !x
lock             0x00830000         0x00000400         rw !x
signature        0x00840000         0x00000400         rw !x
*default*        0x00000000         0xffffffff

Linker script and memory map

Address of section .data set to 0x800100
LOAD /usr/local/CrossPack-AVR-20100115/lib/gcc/avr/4.3.3/../../../../avr/lib/avr5/crtm328p.o
LOAD main.o
LOAD /var/folders/hX/hXBB4wZrEYO-ZmkKU5fWSk+++TI/-Tmp-//ccHebiwO.o
LOAD /var/folders/hX/hXBB4wZrEYO-ZmkKU5fWSk+++TI/-Tmp-//ccBWwGgC.o
LOAD /var/folders/hX/hXBB4wZrEYO-ZmkKU5fWSk+++TI/-Tmp-//ccZstEqd.o
LOAD /var/folders/hX/hXBB4wZrEYO-ZmkKU5fWSk+++TI/-Tmp-//ccXVZbyU.o
LOAD /usr/local/CrossPack-AVR-20100115/lib/gcc/avr/4.3.3/avr5/libgcc.a
LOAD /usr/local/CrossPack-AVR-20100115/lib/gcc/avr/4.3.3/../../../../avr/lib/avr5/libc.a
LOAD /usr/local/CrossPack-AVR-20100115/lib/gcc/avr/4.3.3/avr5/libgcc.a

.hash
 *(.hash)

.dynsym
 *(.dynsym)

.dynstr
 *(.dynstr)

.gnu.version
 *(.gnu.version)

.gnu.version_d
 *(.gnu.version_d)

.gnu.version_r
 *(.gnu.version_r)

.rel.init
 *(.rel.init)

.rela.init
 *(.rela.init)

.rel.text
 *(.rel.text)
 *(.rel.text.*)
 *(.rel.gnu.linkonce.t*)

.rela.text
 *(.rela.text)
 *(.rela.text.*)
 *(.rela.gnu.linkonce.t*)

.rel.fini
 *(.rel.fini)

.rela.fini
 *(.rela.fini)

.rel.rodata
 *(.rel.rodata)
 *(.rel.rodata.*)
 *(.rel.gnu.linkonce.r*)

.rela.rodata
 *(.rela.rodata)
 *(.rela.rodata.*)
 *(.rela.gnu.linkonce.r*)

.rel.data
 *(.rel.data)
 *(.rel.data.*)
 *(.rel.gnu.linkonce.d*)

.rela.data
 *(.rela.data)
 *(.rela.data.*)
 *(.rela.gnu.linkonce.d*)

.rel.ctors
 *(.rel.ctors)

.rela.ctors
 *(.rela.ctors)

.rel.dtors
 *(.rel.dtors)

.rela.dtors
 *(.rela.dtors)

.rel.got
 *(.rel.got)

.rela.got
 *(.rela.got)

.rel.bss
 *(.rel.bss)

.rela.bss
 *(.rela.bss)

.rel.plt
 *(.rel.plt)

.rela.plt
 *(.rela.plt)

.text           0x00000000      0x648
 *(.vectors)
 .vectors       0x00000000       0x68 /usr/local/CrossPack-AVR-20100115/lib/gcc/avr/4.3.3/../../../../avr/lib/avr5/crtm328p.o
                0x00000000                __vectors
                0x00000000                __vector_default
 *(.vectors)
 *(.progmem.gcc*)
 *(.progmem*)
                0x00000068                . = ALIGN (0x2)
                0x00000068                __trampolines_start = .
 *(.trampolines)
 .trampolines   0x00000068        0x0 linker stubs
 *(.trampolines*)
                0x00000068                __trampolines_end = .
 *(.jumptables)
 *(.jumptables*)
 *(.lowtext)
 *(.lowtext*)
                0x00000068                __ctors_start = .
 *(.ctors)
                0x00000068                __ctors_end = .
                0x00000068                __dtors_start = .
 *(.dtors)
                0x00000068                __dtors_end = .
 SORT(*)(.ctors)
 SORT(*)(.dtors)
 *(.init0)
 .init0         0x00000068        0x0 /usr/local/CrossPack-AVR-20100115/lib/gcc/avr/4.3.3/../../../../avr/lib/avr5/crtm328p.o
                0x00000068                __init
 *(.init0)
 *(.init1)
 *(.init1)
 *(.init2)
 .init2         0x00000068        0xc /usr/local/CrossPack-AVR-20100115/lib/gcc/avr/4.3.3/../../../../avr/lib/avr5/crtm328p.o
 *(.init2)
 *(.init3)
 *(.init3)
 *(.init4)
 .init4         0x00000074       0x16 /usr/local/CrossPack-AVR-20100115/lib/gcc/avr/4.3.3/avr5/libgcc.a(_copy_data.o)
                0x00000074                __do_copy_data
 .init4         0x0000008a       0x10 /usr/local/CrossPack-AVR-20100115/lib/gcc/avr/4.3.3/avr5/libgcc.a(_clear_bss.o)
                0x0000008a                __do_clear_bss
 *(.init4)
 *(.init5)
 *(.init5)
 *(.init6)
 *(.init6)
 *(.init7)
 *(.init7)
 *(.init8)
 *(.init8)
 *(.init9)
 .init9         0x0000009a        0x8 /usr/local/CrossPack-AVR-20100115/lib/gcc/avr/4.3.3/../../../../avr/lib/avr5/crtm328p.o
 *(.init9)
 *(.text)
 .text          0x000000a2        0x4 /usr/local/CrossPack-AVR-20100115/lib/gcc/avr/4.3.3/../../../../avr/lib/avr5/crtm328p.o
                0x000000a2                __vector_22
                0x000000a2                __vector_1
                0x000000a2                __vector_24
                0x000000a2                __vector_12
                0x000000a2                __bad_interrupt
                0x000000a2                __vector_6
                0x000000a2                __vector_3
                0x000000a2                __vector_23
                0x000000a2                __vector_25
                0x000000a2                __vector_13
                0x000000a2                __vector_17
                0x000000a2                __vector_19
                0x000000a2                __vector_5
                0x000000a2                __vector_4
                0x000000a2                __vector_9
                0x000000a2                __vector_2
                0x000000a2                __vector_21
                0x000000a2                __vector_15
                0x000000a2                __vector_8
                0x000000a2                __vector_14
                0x000000a2                __vector_10
                0x000000a2                __vector_16
                0x000000a2                __vector_18
                0x000000a2                __vector_20
                0x000000a6                . = ALIGN (0x2)
 *(.text.*)
 .text.setupControlTimer
                0x000000a6       0x46 main.o
                0x000000a6                setupControlTimer
 .text.setupSampleRate
                0x000000ec       0x3a main.o
                0x000000ec                setupSampleRate
 .text.__vector_11
                0x00000126      0x1ea main.o
                0x00000126                __vector_11
 .text.__vector_7
                0x00000310      0x16e main.o
                0x00000310                __vector_7
 .text.main     0x0000047e       0xae main.o
                0x0000047e                main
 .text.setupSPI
                0x0000052c       0x7a /var/folders/hX/hXBB4wZrEYO-ZmkKU5fWSk+++TI/-Tmp-//ccHebiwO.o
                0x0000052c                setupSPI
 .text.sendSPI  0x000005a6        0xc /var/folders/hX/hXBB4wZrEYO-ZmkKU5fWSk+++TI/-Tmp-//ccHebiwO.o
                0x000005a6                sendSPI
 .text.writeMCP492x
                0x000005b2       0x1e /var/folders/hX/hXBB4wZrEYO-ZmkKU5fWSk+++TI/-Tmp-//ccBWwGgC.o
                0x000005b2                writeMCP492x
 .text.setupButtons
                0x000005d0       0x26 /var/folders/hX/hXBB4wZrEYO-ZmkKU5fWSk+++TI/-Tmp-//ccXVZbyU.o
                0x000005d0                setupButtons
 .text.readKeyboard
                0x000005f6       0x12 /var/folders/hX/hXBB4wZrEYO-ZmkKU5fWSk+++TI/-Tmp-//ccXVZbyU.o
                0x000005f6                readKeyboard
 .text.readSettings
                0x00000608       0x14 /var/folders/hX/hXBB4wZrEYO-ZmkKU5fWSk+++TI/-Tmp-//ccXVZbyU.o
                0x00000608                readSettings
 .text.libgcc   0x0000061c       0x28 /usr/local/CrossPack-AVR-20100115/lib/gcc/avr/4.3.3/avr5/libgcc.a(_udivmodhi4.o)
                0x0000061c                __udivmodhi4
                0x00000644                . = ALIGN (0x2)
 *(.fini9)
 .fini9         0x00000644        0x0 /usr/local/CrossPack-AVR-20100115/lib/gcc/avr/4.3.3/avr5/libgcc.a(_exit.o)
                0x00000644                exit
                0x00000644                _exit
 *(.fini9)
 *(.fini8)
 *(.fini8)
 *(.fini7)
 *(.fini7)
 *(.fini6)
 *(.fini6)
 *(.fini5)
 *(.fini5)
 *(.fini4)
 *(.fini4)
 *(.fini3)
 *(.fini3)
 *(.fini2)
 *(.fini2)
 *(.fini1)
 *(.fini1)
 *(.fini0)
 .fini0         0x00000644        0x4 /usr/local/CrossPack-AVR-20100115/lib/gcc/avr/4.3.3/avr5/libgcc.a(_exit.o)
 *(.fini0)
                0x00000648                _etext = .

.data           0x00800100      0x240 load address 0x00000648
                0x00800100                PROVIDE (__data_start, .)
 *(.data)
 *(.data*)
 .data.scales   0x00800100       0x40 main.o
                0x00800100                scales
 *(.rodata)
 *(.rodata*)
 .rodata.channelA
                0x00800140      0x200 /var/folders/hX/hXBB4wZrEYO-ZmkKU5fWSk+++TI/-Tmp-//ccZstEqd.o
                0x00800140                channelA
 *(.gnu.linkonce.d*)
                0x00800340                . = ALIGN (0x2)
                0x00800340                _edata = .
                0x00800340                PROVIDE (__data_end, .)

.bss            0x00800340       0x19
                0x00800340                PROVIDE (__bss_start, .)
 *(.bss)
 *(.bss*)
 .bss.led_display
                0x00800340        0x1 main.o
                0x00800340                led_display
 .bss.scale_i   0x00800341        0x1 main.o
                0x00800341                scale_i
 .bss.poly_buffer
                0x00800342        0x8 main.o
                0x00800342                poly_buffer
 .bss.poly_i    0x0080034a        0x1 main.o
                0x0080034a                poly_i
 .bss.settings_debounce
                0x0080034b        0x1 main.o
                0x0080034b                settings_debounce
 .bss.final.1443
                0x0080034c        0x2 main.o
 .bss.inc.1442  0x0080034e        0x8 main.o
 .bss.led_refresh_flag.1335
                0x00800356        0x1 main.o
 .bss.j.1334    0x00800357        0x1 main.o
 .bss.keyboard.1333
                0x00800358        0x1 main.o
 *(COMMON)
                0x00800359                PROVIDE (__bss_end, .)
                0x00000648                __data_load_start = LOADADDR (.data)
                0x00000888                __data_load_end = (__data_load_start + SIZEOF (.data))

.noinit         0x00800359        0x0
                0x00800359                PROVIDE (__noinit_start, .)
 *(.noinit*)
                0x00800359                PROVIDE (__noinit_end, .)
                0x00800359                _end = .
                0x00800359                PROVIDE (__heap_start, .)

.eeprom         0x00810000        0x0
 *(.eeprom*)
                0x00810000                __eeprom_end = .

.fuse
 *(.fuse)
 *(.lfuse)
 *(.hfuse)
 *(.efuse)

.lock
 *(.lock*)

.signature
 *(.signature*)

.stab
 *(.stab)

.stabstr
 *(.stabstr)

.stab.excl
 *(.stab.excl)

.stab.exclstr
 *(.stab.exclstr)

.stab.index
 *(.stab.index)

.stab.indexstr
 *(.stab.indexstr)

.comment
 *(.comment)

.debug
 *(.debug)

.line
 *(.line)

.debug_srcinfo
 *(.debug_srcinfo)

.debug_sfnames
 *(.debug_sfnames)

.debug_aranges
 *(.debug_aranges)

.debug_pubnames
 *(.debug_pubnames)

.debug_info
 *(.debug_info)
 *(.gnu.linkonce.wi.*)

.debug_abbrev
 *(.debug_abbrev)

.debug_line
 *(.debug_line)

.debug_frame
 *(.debug_frame)

.debug_str
 *(.debug_str)

.debug_loc
 *(.debug_loc)

.debug_macinfo
 *(.debug_macinfo)
OUTPUT(main.elf elf32-avr)
LOAD linker stubs

.debug_ranges
