eeschema (2011-nov-30)-testing  >> Creation date: Tue 26 Jun 2012 11:13:25 AM EDT

#Cmp ( order = Reference )
| BT1        BATTERY     
| C1         22pF        
| C2         22pF        
| C3         10uF        
| C4         .1uF        
| C5         .1uF        
| C6         .1uF        
| C7         .1uF        
| C8         .01uF       
| C9         10uF        
| C10        .1uF        
| C11        .1uF        
| C12        .1uF        
| C13        .1uF        
| C14        .1uF        
| D1         3V6         
| D2         3V6         
| D3         LED         
| D4         LED         
| D5         LED         
| D6         LED         
| D7         LED         
| D8         LED         
| D9         LED         
| D10        LED         
| IC1        ATMEGA328P  
| J1         USB_2       
| J2         AVR-ISP-6   
| R1         68          
| R2         68          
| R3         47          
| R4         47          
| R5         47          
| R6         47          
| R7         10K         
| R8         100k        
| R9         LDR         
| R10        100K        
| R11        1K          
| R12        1K          
| R13        1.5k        
| R14        4.7         
| R15        4.7         
| R16        2.2K        
| RV1        10K         
| RV2        100K        
| SP1        SPEAKER     
| SW1        SWITCH_PUSH_CW
| SW2        SWITCH_PUSH_CW
| SW3        SWITCH_PUSH_CW
| SW4        SWITCH_PUSH_CW
| SW5        SWITCH_PUSH_CW
| SW6        SWITCH_PUSH_CW
| SW7        SWITCH_PUSH_CW
| SW8        SWITCH_PUSH_CW
| SW9        SWITCH_PUSH_CW
| SW10       SWITCH_PUSH_CW
| SW11       SWITCH_PUSH_CW
| U1         MCP49X1     
| U2         +5V         
| X1         16MHz       
#End Cmp

#Cmp ( order = Value )
| BATTERY      BT1       
| 22pF         C1        
| 22pF         C2        
| 10uF         C3        
| 10uF         C9        
| .01uF        C8        
| .1uF         C4        
| .1uF         C5        
| .1uF         C6        
| .1uF         C7        
| .1uF         C10       
| .1uF         C11       
| .1uF         C12       
| .1uF         C13       
| .1uF         C14       
| 3V6          D1        
| 3V6          D2        
| LED          D3        
| LED          D4        
| LED          D5        
| LED          D6        
| LED          D7        
| LED          D8        
| LED          D9        
| LED          D10       
| ATMEGA328P   IC1       
| AVR-ISP-6    J2        
| USB_2        J1        
| 4.7          R15       
| 4.7          R14       
| 47           R6        
| 47           R3        
| 47           R4        
| 47           R5        
| 68           R2        
| 68           R1        
| 1K           R11       
| 1K           R12       
| 1.5k         R13       
| 2.2K         R16       
| 10K          R7        
| 100k         R8        
| 100K         R10       
| LDR          R9        
| 10K          RV1       
| 100K         RV2       
| SPEAKER      SP1       
| SWITCH_PUSH_CW SW1       
| SWITCH_PUSH_CW SW2       
| SWITCH_PUSH_CW SW3       
| SWITCH_PUSH_CW SW4       
| SWITCH_PUSH_CW SW5       
| SWITCH_PUSH_CW SW6       
| SWITCH_PUSH_CW SW7       
| SWITCH_PUSH_CW SW8       
| SWITCH_PUSH_CW SW9       
| SWITCH_PUSH_CW SW10      
| SWITCH_PUSH_CW SW11      
| +5V          U2        
| MCP49X1      U1        
| 16MHz        X1        
#End Cmp

#End List
